
┌─ 1 (root, init)
│   #execTerminator ( terminator ( ... kind: terminatorKindCall ( ... func: operandC
│
│  (151 steps)
├─ 3 (split)
│   #selectBlock ( switchTargets ( ... branches: branch ( 0 , basicBlockIdx ( 2 ) )
│   function: std::option::Option::<isize>::unwrap_or
┃
┃ (branch)
┣━━┓ subst: .Subst
┃  ┃ constraint:
┃  ┃     #switchMatch ( 0 , typedValue ( Integer ( #lookupDiscrAux ( Discriminant ( variantIdx ( 0 ) , 0 )  Discriminant ( variantIdx ( 1 ) , 1 )  .Discriminants , variantIdx ( ARG_VARIDX1:Int ) ) , 128 , false ) , ty ( 102 ) , mutabilityMut ) )
┃  │
┃  ├─ 4
┃  │   #selectBlock ( switchTargets ( ... branches: branch ( 0 , basicBlockIdx ( 2 ) )
┃  │   function: std::option::Option::<isize>::unwrap_or
┃  │
┃  │  (176 steps)
┃  ├─ 6 (terminal)
┃  │   #EndProgram ~> .K
┃  │   function: test_crate1_with
┃  │
┃  ┊  constraint: true
┃  ┊  subst: ...
┃  └─ 2 (leaf, target, terminal)
┃      #EndProgram ~> .K
┃
┗━━┓ subst: .Subst
   ┃ constraint:
   ┃     notBool #switchMatch ( 0 , typedValue ( Integer ( #lookupDiscrAux ( Discriminant ( variantIdx ( 0 ) , 0 )  Discriminant ( variantIdx ( 1 ) , 1 )  .Discriminants , variantIdx ( ARG_VARIDX1:Int ) ) , 128 , false ) , ty ( 102 ) , mutabilityMut ) )
   │
   ├─ 5
   │   #selectBlock ( switchTargets ( ... branches: branch ( 0 , basicBlockIdx ( 2 ) )
   │   function: std::option::Option::<isize>::unwrap_or
   │
   │  (1 step)
   ├─ 7 (split)
   │   #selectBlock ( switchTargets ( ... branches: branch ( 1 , basicBlockIdx ( 3 ) )
   │   function: std::option::Option::<isize>::unwrap_or
   ┃
   ┃ (branch)
   ┣━━┓ subst: .Subst
   ┃  ┃ constraint:
   ┃  ┃     #switchMatch ( 1 , typedValue ( Integer ( #lookupDiscrAux ( Discriminant ( variantIdx ( 0 ) , 0 )  Discriminant ( variantIdx ( 1 ) , 1 )  .Discriminants , variantIdx ( ARG_VARIDX1:Int ) ) , 128 , false ) , ty ( 102 ) , mutabilityMut ) )
   ┃  │
   ┃  ├─ 8
   ┃  │   #selectBlock ( switchTargets ( ... branches: branch ( 1 , basicBlockIdx ( 3 ) )
   ┃  │   function: std::option::Option::<isize>::unwrap_or
   ┃  │
   ┃  │  (11 steps)
   ┃  ├─ 10
   ┃  │   #traverseProjection ( toLocal ( 1 ) , typedValue ( Aggregate ( variantIdx ( 1 )
   ┃  │   function: std::option::Option::<isize>::unwrap_or
   ┃  ┃
   ┃  ┃ (1 step)
   ┃  ┣━━┓
   ┃  ┃  │
   ┃  ┃  └─ 12 (leaf, pending)
   ┃  ┃      #traverseProjection ( toLocal ( 1 ) , project:TypedLocal ( ENUM_ARGS2:List [ 0 ]
   ┃  ┃      function: std::option::Option::<isize>::unwrap_or
   ┃  ┃
   ┃  ┗━━┓
   ┃     │
   ┃     └─ 13 (leaf, pending)
   ┃         #traverseProjection ( toLocal ( 1 ) , typedValue ( Aggregate ( variantIdx ( 1 )
   ┃         function: std::option::Option::<isize>::unwrap_or
   ┃
   ┗━━┓ subst: .Subst
      ┃ constraint:
      ┃     notBool #switchMatch ( 1 , typedValue ( Integer ( #lookupDiscrAux ( Discriminant ( variantIdx ( 0 ) , 0 )  Discriminant ( variantIdx ( 1 ) , 1 )  .Discriminants , variantIdx ( ARG_VARIDX1:Int ) ) , 128 , false ) , ty ( 102 ) , mutabilityMut ) )
      │
      ├─ 9
      │   #selectBlock ( switchTargets ( ... branches: branch ( 1 , basicBlockIdx ( 3 ) )
      │   function: std::option::Option::<isize>::unwrap_or
      │
      │  (7 steps)
      └─ 11 (stuck, leaf)
          #ProgramError ( ReachedUnreachable ) ~> .K
          function: std::option::Option::<isize>::unwrap_or


